2026-02-27 08:38:15,534	---	Command:
	main.py --sign ecdsa mldsa dilithium falcon falcon-padded mayo sphincs-sha-s sphincs-sha-f sphincs-shake-s sphincs-shake-f cross-rsdp-small cross-rsdpg-small cross-rsdp-balanced cross-rsdpg-balanced cross-rsdp-fast cross-rsdpg-fast --levels 1 2 3 5 --input-file sigResults/2026-01-14_07-46-30_cross-rsdp-balanced_cross-rsdp-fast_cross-rsdp-small_cross-rsdpg-balanced_cross-rsdpg-fast_cross-rsdpg-small_dilithium_ecdsa_falcon_falcon-padded_mayo_mldsa_sphincs-sha-f_sphincs-sha-s_sphincs-shake-f_sphincs-shake-s_levels-1-2-3-5/benchmark/time-evaluation-mean-std.csv --model 1 2 --runs-simulator 1000

2026-02-27 08:38:15,534	---	Settings:
2026-02-27 08:38:15,534	---		input_file     : sigResults/2026-01-14_07-46-30_cross-rsdp-balanced_cross-rsdp-fast_cross-rsdp-small_cross-rsdpg-balanced_cross-rsdpg-fast_cross-rsdpg-small_dilithium_ecdsa_falcon_falcon-padded_mayo_mldsa_sphincs-sha-f_sphincs-sha-s_sphincs-shake-f_sphincs-shake-s_levels-1-2-3-5/benchmark/time-evaluation-mean-std.csv
2026-02-27 08:38:15,534	---		levels         : [1, 2, 3, 5]
2026-02-27 08:38:15,534	---		list_sign      : False
2026-02-27 08:38:15,534	---		model          : [1, 2]
2026-02-27 08:38:15,534	---		runs           : 1
2026-02-27 08:38:15,534	---		runs_simulator : 1000
2026-02-27 08:38:15,534	---		sign           : ['ecdsa', 'mldsa', 'dilithium', 'falcon', 'falcon-padded', 'mayo', 'sphincs-sha-s', 'sphincs-sha-f', 'sphincs-shake-s', 'sphincs-shake-f', 'cross-rsdp-small', 'cross-rsdpg-small', 'cross-rsdp-balanced', 'cross-rsdpg-balanced', 'cross-rsdp-fast', 'cross-rsdpg-fast']
2026-02-27 08:38:15,534	---		verbosity      : 20
2026-02-27 08:38:15,534	---		warm_up        : 0
2026-02-27 08:38:15,534	---	
2026-02-27 08:38:16,642	---	
2026-02-27 08:38:16,643	---	Metadata exported to:
2026-02-27 08:38:16,643	---		results/2026-02-27_08-38-15_cross-rsdp-balanced_cross-rsdp-fast_cross-rsdp-small_cross-rsdpg-balanced_cross-rsdpg-fast_cross-rsdpg-small_dilithium_ecdsa_falcon_falcon-padded_mayo_mldsa_sphincs-sha-f_sphincs-sha-s_sphincs-shake-f_sphincs-shake-s_levels-1-2-3-5/input-and-system-info.json
2026-02-27 08:38:16,644	---	Filtered data saved to: results/2026-02-27_08-38-15_cross-rsdp-balanced_cross-rsdp-fast_cross-rsdp-small_cross-rsdpg-balanced_cross-rsdpg-fast_cross-rsdpg-small_dilithium_ecdsa_falcon_falcon-padded_mayo_mldsa_sphincs-sha-f_sphincs-sha-s_sphincs-shake-f_sphincs-shake-s_levels-1-2-3-5/filtered-input.csv
2026-02-27 08:38:16,644	---	[32m
2026-02-27 08:38:16,644	---	+-----------------+
2026-02-27 08:38:16,644	---	  SIMULATION      
2026-02-27 08:38:16,644	---	+-----------------+
2026-02-27 08:38:16,644	---	
2026-02-27 08:38:16,644	---	BlockSim run model 1 (Bitcoin)
2026-02-27 08:38:16,645	---	
2026-02-27 08:38:16,645	---		BlockSim configuration file ready in: ./BlockSim/InputsConfig.py
2026-02-27 08:38:16,645	---	
2026-02-27 08:38:16,645	---	Command line: python -m BlockSim.Main results/2026-02-27_08-38-15_cross-rsdp-balanced_cross-rsdp-fast_cross-rsdp-small_cross-rsdpg-balanced_cross-rsdpg-fast_cross-rsdpg-small_dilithium_ecdsa_falcon_falcon-padded_mayo_mldsa_sphincs-sha-f_sphincs-sha-s_sphincs-shake-f_sphincs-shake-s_levels-1-2-3-5/filtered-input.csv results/2026-02-27_08-38-15_cross-rsdp-balanced_cross-rsdp-fast_cross-rsdp-small_cross-rsdpg-balanced_cross-rsdpg-fast_cross-rsdpg-small_dilithium_ecdsa_falcon_falcon-padded_mayo_mldsa_sphincs-sha-f_sphincs-sha-s_sphincs-shake-f_sphincs-shake-s_levels-1-2-3-5/simulator/blocksim-model-1-1000x.csv
2026-02-27 08:38:16,645	---	
2026-02-27 12:14:56,638	---	
2026-02-27 12:14:56,638	---	Files generated by simulations:
2026-02-27 12:14:56,639	---		results/2026-02-27_08-38-15_cross-rsdp-balanced_cross-rsdp-fast_cross-rsdp-small_cross-rsdpg-balanced_cross-rsdpg-fast_cross-rsdpg-small_dilithium_ecdsa_falcon_falcon-padded_mayo_mldsa_sphincs-sha-f_sphincs-sha-s_sphincs-shake-f_sphincs-shake-s_levels-1-2-3-5/simulator/blocksim-model-1-1000x.csv
2026-02-27 12:14:56,639	---		results/2026-02-27_08-38-15_cross-rsdp-balanced_cross-rsdp-fast_cross-rsdp-small_cross-rsdpg-balanced_cross-rsdpg-fast_cross-rsdpg-small_dilithium_ecdsa_falcon_falcon-padded_mayo_mldsa_sphincs-sha-f_sphincs-sha-s_sphincs-shake-f_sphincs-shake-s_levels-1-2-3-5/simulator/blocksim-model-1-mean-std.csv
2026-02-27 12:14:56,639	---	
2026-02-27 12:14:56,639	---	BlockSim run model 2 (Ethereum)
2026-02-27 12:14:56,640	---	
2026-02-27 12:14:56,640	---		BlockSim configuration file ready in: ./BlockSim/InputsConfig.py
2026-02-27 12:14:56,640	---	
2026-02-27 12:14:56,640	---	Command line: python -m BlockSim.Main results/2026-02-27_08-38-15_cross-rsdp-balanced_cross-rsdp-fast_cross-rsdp-small_cross-rsdpg-balanced_cross-rsdpg-fast_cross-rsdpg-small_dilithium_ecdsa_falcon_falcon-padded_mayo_mldsa_sphincs-sha-f_sphincs-sha-s_sphincs-shake-f_sphincs-shake-s_levels-1-2-3-5/filtered-input.csv results/2026-02-27_08-38-15_cross-rsdp-balanced_cross-rsdp-fast_cross-rsdp-small_cross-rsdpg-balanced_cross-rsdpg-fast_cross-rsdpg-small_dilithium_ecdsa_falcon_falcon-padded_mayo_mldsa_sphincs-sha-f_sphincs-sha-s_sphincs-shake-f_sphincs-shake-s_levels-1-2-3-5/simulator/blocksim-model-2-1000x.csv
2026-02-27 12:14:56,640	---	
2026-02-27 23:54:44,235	---	
2026-02-27 23:54:44,235	---	Files generated by simulations:
2026-02-27 23:54:44,236	---		results/2026-02-27_08-38-15_cross-rsdp-balanced_cross-rsdp-fast_cross-rsdp-small_cross-rsdpg-balanced_cross-rsdpg-fast_cross-rsdpg-small_dilithium_ecdsa_falcon_falcon-padded_mayo_mldsa_sphincs-sha-f_sphincs-sha-s_sphincs-shake-f_sphincs-shake-s_levels-1-2-3-5/simulator/blocksim-model-2-1000x.csv
2026-02-27 23:54:44,236	---		results/2026-02-27_08-38-15_cross-rsdp-balanced_cross-rsdp-fast_cross-rsdp-small_cross-rsdpg-balanced_cross-rsdpg-fast_cross-rsdpg-small_dilithium_ecdsa_falcon_falcon-padded_mayo_mldsa_sphincs-sha-f_sphincs-sha-s_sphincs-shake-f_sphincs-shake-s_levels-1-2-3-5/simulator/blocksim-model-2-mean-std.csv
2026-02-27 23:54:44,236	---	
2026-02-27 23:54:44,236	---	Generating simulator plots:
2026-02-27 23:54:44,760	---		results/2026-02-27_08-38-15_cross-rsdp-balanced_cross-rsdp-fast_cross-rsdp-small_cross-rsdpg-balanced_cross-rsdpg-fast_cross-rsdpg-small_dilithium_ecdsa_falcon_falcon-padded_mayo_mldsa_sphincs-sha-f_sphincs-sha-s_sphincs-shake-f_sphincs-shake-s_levels-1-2-3-5/simulator/graphs/level-1.pdf
2026-02-27 23:54:44,998	---		results/2026-02-27_08-38-15_cross-rsdp-balanced_cross-rsdp-fast_cross-rsdp-small_cross-rsdpg-balanced_cross-rsdpg-fast_cross-rsdpg-small_dilithium_ecdsa_falcon_falcon-padded_mayo_mldsa_sphincs-sha-f_sphincs-sha-s_sphincs-shake-f_sphincs-shake-s_levels-1-2-3-5/simulator/graphs/level-2.pdf
2026-02-27 23:54:45,335	---		results/2026-02-27_08-38-15_cross-rsdp-balanced_cross-rsdp-fast_cross-rsdp-small_cross-rsdpg-balanced_cross-rsdpg-fast_cross-rsdpg-small_dilithium_ecdsa_falcon_falcon-padded_mayo_mldsa_sphincs-sha-f_sphincs-sha-s_sphincs-shake-f_sphincs-shake-s_levels-1-2-3-5/simulator/graphs/level-3.pdf
2026-02-27 23:54:45,690	---		results/2026-02-27_08-38-15_cross-rsdp-balanced_cross-rsdp-fast_cross-rsdp-small_cross-rsdpg-balanced_cross-rsdpg-fast_cross-rsdpg-small_dilithium_ecdsa_falcon_falcon-padded_mayo_mldsa_sphincs-sha-f_sphincs-sha-s_sphincs-shake-f_sphincs-shake-s_levels-1-2-3-5/simulator/graphs/level-5.pdf
